AV233803:AV044:2411515907:1:11404:1260:0787	[]
AV233803:AV044:2411515907:1:10805:5199:3294	[]
AV233803:AV044:2411515907:1:11201:3132:1648	[]
AV233803:AV044:2411515907:1:11201:4536:1135	[]
AV233803:AV044:2411515907:1:11004:1835:0855	[]
AV233803:AV044:2411515907:1:11105:5151:1413	[]
AV233803:AV044:2411515907:1:11202:3326:1684	[]
AV233803:AV044:2411515907:1:21102:3590:1456	[]
AV233803:AV044:2411515907:1:11301:0624:2986	[]
AV233803:AV044:2411515907:1:10903:2857:2479	[]
AV233803:AV044:2411515907:1:10905:3677:0122	[]
AV233803:AV044:2411515907:1:21005:0321:2155	[]
AV233803:AV044:2411515907:1:21002:1841:3179	[]
AV233803:AV044:2411515907:1:21105:4228:2012	[]
AV233803:AV044:2411515907:1:10903:5186:1617	[]
AV233803:AV044:2411515907:1:11304:0876:2320	[]
AV233803:AV044:2411515907:1:20802:4401:2926	[]
AV233803:AV044:2411515907:1:11001:4776:0511	[]
AV233803:AV044:2411515907:1:11201:2424:1100	[]
AV233803:AV044:2411515907:1:10802:4118:1078	[]
AV233803:AV044:2411515907:1:20802:3127:1629	[]
AV233803:AV044:2411515907:1:11304:1998:1955	[]
AV233803:AV044:2411515907:1:11204:1521:1321	[]
AV233803:AV044:2411515907:1:11102:3850:2189	[]
AV233803:AV044:2411515907:1:10904:0221:2563	[]
AV233803:AV044:2411515907:1:21102:4704:1023	[]
AV233803:AV044:2411515907:1:10901:5096:1180	[]
AV233803:AV044:2411515907:1:20804:1308:2840	[]
AV233803:AV044:2411515907:1:10801:3936:2015	[]
AV233803:AV044:2411515907:1:21005:0029:0416	[]
AV233803:AV044:2411515907:1:11204:0529:1684	[]
AV233803:AV044:2411515907:1:21003:1289:3589	[]
